2025-11-10 12:25:15.911 WARNING (SyncWorker_0) [homeassistant.loader] We found a custom integration pp_reader which has not been tested by Home Assistant. This component might cause stability problems, be sure to disable it if you experience issues with Home Assistant
2025-11-10 12:25:16.832 WARNING (MainThread) [aiohttp_fast_zlib] zlib_ng and isal are not available, falling back to zlib, performance will be degraded.
2025-11-10 12:25:16.898 INFO (MainThread) [homeassistant.setup] Setup of domain http took 0.07 seconds
2025-11-10 12:25:16.899 INFO (MainThread) [homeassistant.setup] Setup of domain system_log took 0.07 seconds
2025-11-10 12:25:16.899 INFO (MainThread) [homeassistant.setup] Setting up websocket_api
2025-11-10 12:25:16.899 INFO (MainThread) [homeassistant.setup] Setup of domain websocket_api took 0.00 seconds
2025-11-10 12:25:16.899 INFO (MainThread) [homeassistant.setup] Setup of domain logger took 0.07 seconds
2025-11-10 12:25:16.899 INFO (MainThread) [homeassistant.setup] Setting up network
2025-11-10 12:25:16.901 INFO (MainThread) [homeassistant.setup] Setup of domain network took 0.00 seconds
2025-11-10 12:25:16.901 INFO (MainThread) [homeassistant.bootstrap] Setting up stage frontend: {'frontend'}; already set up: {}
Dependencies: {'lovelace', 'search', 'diagnostics', 'onboarding', 'repairs', 'device_automation', 'file_upload', 'api', 'config', 'auth'}; already set up: {'websocket_api', 'system_log', 'http'}
2025-11-10 12:25:16.901 INFO (MainThread) [homeassistant.setup] Setting up auth
2025-11-10 12:25:16.902 INFO (MainThread) [homeassistant.setup] Setup of domain auth took 0.00 seconds
2025-11-10 12:25:16.902 INFO (MainThread) [homeassistant.setup] Setting up onboarding
2025-11-10 12:25:16.902 INFO (MainThread) [homeassistant.setup] Setup of domain onboarding took 0.00 seconds
2025-11-10 12:25:16.902 INFO (MainThread) [homeassistant.setup] Setting up lovelace
2025-11-10 12:25:16.903 INFO (MainThread) [homeassistant.setup] Setup of domain lovelace took 0.00 seconds
2025-11-10 12:25:16.903 INFO (MainThread) [homeassistant.setup] Setting up search
2025-11-10 12:25:16.904 INFO (MainThread) [homeassistant.setup] Setup of domain search took 0.00 seconds
2025-11-10 12:25:16.904 INFO (MainThread) [homeassistant.setup] Setting up diagnostics
2025-11-10 12:25:16.904 INFO (MainThread) [homeassistant.setup] Setup of domain diagnostics took 0.00 seconds
2025-11-10 12:25:16.905 INFO (MainThread) [homeassistant.setup] Setting up repairs
2025-11-10 12:25:16.905 INFO (MainThread) [homeassistant.setup] Setup of domain repairs took 0.00 seconds
2025-11-10 12:25:16.905 INFO (MainThread) [homeassistant.setup] Setting up api
2025-11-10 12:25:16.906 INFO (MainThread) [homeassistant.setup] Setup of domain api took 0.00 seconds
2025-11-10 12:25:16.906 INFO (MainThread) [homeassistant.setup] Setting up file_upload
2025-11-10 12:25:16.906 INFO (MainThread) [homeassistant.setup] Setup of domain file_upload took 0.00 seconds
2025-11-10 12:25:16.906 INFO (MainThread) [homeassistant.setup] Setting up device_automation
2025-11-10 12:25:16.907 INFO (MainThread) [homeassistant.setup] Setup of domain device_automation took 0.00 seconds
2025-11-10 12:25:16.907 INFO (MainThread) [homeassistant.setup] Setting up config
2025-11-10 12:25:16.909 INFO (MainThread) [homeassistant.setup] Setup of domain config took 0.00 seconds
2025-11-10 12:25:16.910 INFO (MainThread) [homeassistant.setup] Setting up frontend
2025-11-10 12:25:16.914 INFO (MainThread) [homeassistant.setup] Setup of domain frontend took 0.00 seconds
2025-11-10 12:25:16.915 INFO (MainThread) [homeassistant.bootstrap] Setting up stage recorder: {'recorder'}; already set up: {}
Dependencies: {}; already set up: {}
2025-11-10 12:25:16.915 INFO (MainThread) [homeassistant.setup] Setting up recorder
2025-11-10 12:25:16.917 INFO (MainThread) [homeassistant.components.http] Now listening on port 8123
2025-11-10 12:25:16.917 INFO (MainThread) [homeassistant.setup] Setup of domain http took 0.00 seconds
2025-11-10 12:25:16.948 INFO (MainThread) [homeassistant.setup] Setup of domain recorder took 0.03 seconds
2025-11-10 12:25:16.948 INFO (MainThread) [homeassistant.bootstrap] Nothing to set up in stage debugger: {'debugpy'}
2025-11-10 12:25:16.948 INFO (MainThread) [homeassistant.bootstrap] Setting up stage zeroconf: {'zeroconf'}; already set up: {}
Dependencies: {}; already set up: {'network', 'websocket_api', 'http', 'api'}
2025-11-10 12:25:16.948 INFO (MainThread) [homeassistant.setup] Setting up zeroconf
2025-11-10 12:25:16.951 INFO (MainThread) [homeassistant.components.zeroconf] Starting Zeroconf broadcast
2025-11-10 12:25:16.951 INFO (MainThread) [homeassistant.setup] Setup of domain zeroconf took 0.00 seconds
2025-11-10 12:25:16.951 INFO (MainThread) [homeassistant.bootstrap] Setting up stage 1: {'bluetooth', 'cloud', 'dhcp', 'ssdp', 'usb'}; already set up: {}
Dependencies: {'backup', 'intent', 'webhook', 'wake_word', 'tts', 'assist_pipeline', 'ffmpeg', 'conversation', 'stt'}; already set up: {'websocket_api', 'http', 'network', 'repairs', 'auth'}
2025-11-10 12:25:16.952 INFO (MainThread) [homeassistant.setup] Setting up backup
2025-11-10 12:25:16.953 INFO (MainThread) [homeassistant.setup] Setting up webhook
2025-11-10 12:25:16.953 INFO (MainThread) [homeassistant.setup] Setup of domain webhook took 0.00 seconds
2025-11-10 12:25:16.956 INFO (MainThread) [homeassistant.setup] Setup of domain backup took 0.00 seconds
2025-11-10 12:25:16.959 INFO (MainThread) [homeassistant.setup] Setting up wake_word
2025-11-10 12:25:16.959 INFO (MainThread) [homeassistant.setup] Setup of domain wake_word took 0.00 seconds
2025-11-10 12:25:16.962 INFO (MainThread) [homeassistant.setup] Setting up ffmpeg
2025-11-10 12:25:16.978 INFO (MainThread) [homeassistant.setup] Setting up intent
2025-11-10 12:25:16.979 INFO (MainThread) [homeassistant.setup] Setup of domain intent took 0.00 seconds
2025-11-10 12:25:16.985 INFO (MainThread) [homeassistant.setup] Setting up stt
2025-11-10 12:25:16.986 INFO (MainThread) [homeassistant.setup] Setup of domain stt took 0.00 seconds
2025-11-10 12:25:17.004 INFO (MainThread) [homeassistant.setup] Setting up usb
2025-11-10 12:25:17.005 INFO (MainThread) [homeassistant.setup] Setup of domain usb took 0.00 seconds
2025-11-10 12:25:17.126 INFO (MainThread) [homeassistant.setup] Setting up dhcp
2025-11-10 12:25:17.127 INFO (MainThread) [homeassistant.setup] Setup of domain dhcp took 0.00 seconds
2025-11-10 12:25:17.130 INFO (MainThread) [homeassistant.setup] Setup of domain ffmpeg took 0.17 seconds
2025-11-10 12:25:17.159 INFO (MainThread) [homeassistant.setup] Setting up ssdp
2025-11-10 12:25:17.168 INFO (MainThread) [homeassistant.setup] Setup of domain ssdp took 0.01 seconds
2025-11-10 12:25:17.238 INFO (MainThread) [homeassistant.setup] Setting up conversation
2025-11-10 12:25:17.238 INFO (MainThread) [homeassistant.setup] Setup of domain conversation took 0.00 seconds
2025-11-10 12:25:17.248 INFO (MainThread) [homeassistant.setup] Setting up bluetooth
2025-11-10 12:25:17.288 ERROR (MainThread) [habluetooth.manager] Missing required permissions for Bluetooth management: Missing NET_ADMIN/NET_RAW capabilities for Bluetooth management. Automatic adapter recovery is unavailable. Add NET_ADMIN and NET_RAW capabilities to the container to enable it
2025-11-10 12:25:17.289 INFO (MainThread) [homeassistant.setup] Setup of domain bluetooth took 0.04 seconds
2025-11-10 12:25:17.289 INFO (MainThread) [habluetooth.channels.bluez] Bluetooth management socket connection closed
2025-11-10 12:25:17.307 INFO (MainThread) [homeassistant.setup] Setting up tts
2025-11-10 12:25:17.313 INFO (MainThread) [homeassistant.setup] Setting up event
2025-11-10 12:25:17.314 INFO (MainThread) [homeassistant.setup] Setup of domain event took 0.00 seconds
2025-11-10 12:25:17.314 INFO (MainThread) [homeassistant.setup] Setting up sensor
2025-11-10 12:25:17.314 INFO (MainThread) [homeassistant.setup] Setup of domain sensor took 0.00 seconds
2025-11-10 12:25:17.315 INFO (MainThread) [homeassistant.setup] Setup of domain tts took 0.01 seconds
2025-11-10 12:25:17.316 INFO (MainThread) [homeassistant.components.event] Setting up backup.event
2025-11-10 12:25:17.317 INFO (MainThread) [homeassistant.components.sensor] Setting up backup.sensor
2025-11-10 12:25:17.340 INFO (MainThread) [homeassistant.setup] Setting up assist_pipeline
2025-11-10 12:25:17.342 INFO (MainThread) [homeassistant.setup] Setup of domain assist_pipeline took 0.00 seconds
2025-11-10 12:25:17.470 INFO (MainThread) [homeassistant.setup] Setting up cloud
2025-11-10 12:25:17.472 INFO (MainThread) [homeassistant.setup] Setup of domain cloud took 0.00 seconds
2025-11-10 12:25:17.473 INFO (MainThread) [homeassistant.bootstrap] Setting up stage 2: {'system_health', 'hardware', 'shopping_list', 'tag', 'input_select', 'application_credentials', 'radio_browser', 'timer', 'schedule', 'counter', 'pp_reader', 'input_boolean', 'input_button', 'script', 'google_translate', 'met', 'automation', 'zone', 'input_text', 'default_config', 'scene', 'sun', 'analytics', 'input_number', 'input_datetime', 'person'}; already set up: {'backup', 'network', 'logger', 'homeassistant', 'frontend'}
Dependencies: {'camera', 'stream', 'history', 'trace', 'go2rtc', 'mobile_app', 'energy', 'logbook', 'usage_prediction', 'media_source', 'image_upload', 'my', 'blueprint', 'homeassistant_alerts', 'file'}; already set up: {'lovelace', 'http', 'repairs', 'webhook', 'cloud', 'file_upload', 'ssdp', 'dhcp', 'auth', 'stt', 'backup', 'websocket_api', 'network', 'recorder', 'conversation', 'system_log', 'diagnostics', 'wake_word', 'device_automation', 'frontend', 'search', 'bluetooth', 'intent', 'onboarding', 'zeroconf', 'tts', 'assist_pipeline', 'ffmpeg', 'api', 'config', 'usb'}
2025-11-10 12:25:17.473 INFO (MainThread) [homeassistant.setup] Setting up camera
2025-11-10 12:25:17.475 INFO (MainThread) [homeassistant.setup] Setup of domain camera took 0.00 seconds
2025-11-10 12:25:17.475 INFO (MainThread) [homeassistant.setup] Setting up scene
2025-11-10 12:25:17.475 INFO (MainThread) [homeassistant.components.scene] Setting up homeassistant.scene
2025-11-10 12:25:17.476 INFO (MainThread) [homeassistant.setup] Setup of domain scene took 0.00 seconds
2025-11-10 12:25:17.476 INFO (MainThread) [homeassistant.setup] Setting up system_health
2025-11-10 12:25:17.477 INFO (MainThread) [homeassistant.setup] Setup of domain system_health took 0.00 seconds
2025-11-10 12:25:17.477 INFO (MainThread) [homeassistant.setup] Setting up input_select
2025-11-10 12:25:17.479 INFO (MainThread) [homeassistant.setup] Setup of domain input_select took 0.00 seconds
2025-11-10 12:25:17.479 INFO (MainThread) [homeassistant.setup] Setting up image_upload
2025-11-10 12:25:17.480 INFO (MainThread) [homeassistant.setup] Setup of domain image_upload took 0.00 seconds
2025-11-10 12:25:17.480 INFO (MainThread) [homeassistant.setup] Setting up blueprint
2025-11-10 12:25:17.480 INFO (MainThread) [homeassistant.setup] Setup of domain blueprint took 0.00 seconds
2025-11-10 12:25:17.480 INFO (MainThread) [homeassistant.setup] Setting up timer
2025-11-10 12:25:17.481 INFO (MainThread) [homeassistant.setup] Setup of domain timer took 0.00 seconds
2025-11-10 12:25:17.482 INFO (MainThread) [homeassistant.setup] Setting up zone
2025-11-10 12:25:17.483 INFO (MainThread) [homeassistant.setup] Setup of domain zone took 0.00 seconds
2025-11-10 12:25:17.483 INFO (MainThread) [homeassistant.setup] Setting up person
2025-11-10 12:25:17.484 INFO (MainThread) [homeassistant.setup] Setting up input_boolean
2025-11-10 12:25:17.484 INFO (MainThread) [homeassistant.setup] Setup of domain input_boolean took 0.00 seconds
2025-11-10 12:25:17.484 INFO (MainThread) [homeassistant.setup] Setting up input_button
2025-11-10 12:25:17.485 INFO (MainThread) [homeassistant.setup] Setup of domain input_button took 0.00 seconds
2025-11-10 12:25:17.485 INFO (MainThread) [homeassistant.setup] Setting up logbook
2025-11-10 12:25:17.486 INFO (MainThread) [homeassistant.setup] Setup of domain logbook took 0.00 seconds
2025-11-10 12:25:17.486 INFO (MainThread) [homeassistant.setup] Setting up trace
2025-11-10 12:25:17.486 INFO (MainThread) [homeassistant.setup] Setup of domain trace took 0.00 seconds
2025-11-10 12:25:17.486 INFO (MainThread) [homeassistant.setup] Setting up script
2025-11-10 12:25:17.486 INFO (MainThread) [homeassistant.setup] Setup of domain script took 0.00 seconds
2025-11-10 12:25:17.487 INFO (MainThread) [homeassistant.setup] Setting up stream
2025-11-10 12:25:17.487 INFO (MainThread) [homeassistant.setup] Setting up history
2025-11-10 12:25:17.488 INFO (MainThread) [homeassistant.setup] Setup of domain history took 0.00 seconds
2025-11-10 12:25:17.488 INFO (MainThread) [homeassistant.setup] Setting up automation
2025-11-10 12:25:17.489 INFO (MainThread) [homeassistant.setup] Setup of domain automation took 0.00 seconds
2025-11-10 12:25:17.489 INFO (MainThread) [homeassistant.setup] Setting up media_source
2025-11-10 12:25:17.490 INFO (MainThread) [homeassistant.setup] Setup of domain media_source took 0.00 seconds
2025-11-10 12:25:17.490 INFO (MainThread) [homeassistant.setup] Setting up input_number
2025-11-10 12:25:17.498 INFO (MainThread) [homeassistant.setup] Setup of domain input_number took 0.01 seconds
2025-11-10 12:25:17.501 INFO (MainThread) [homeassistant.setup] Setup of domain person took 0.02 seconds
2025-11-10 12:25:17.533 INFO (MainThread) [homeassistant.setup] Setting up hardware
2025-11-10 12:25:17.549 INFO (MainThread) [homeassistant.setup] Setting up shopping_list
2025-11-10 12:25:17.550 INFO (MainThread) [homeassistant.setup] Setup of domain shopping_list took 0.00 seconds
2025-11-10 12:25:17.579 INFO (MainThread) [homeassistant.setup] Setup of domain hardware took 0.05 seconds
2025-11-10 12:25:17.579 INFO (MainThread) [homeassistant.setup] Setting up tag
2025-11-10 12:25:17.581 INFO (MainThread) [homeassistant.setup] Setup of domain tag took 0.00 seconds
2025-11-10 12:25:17.613 INFO (MainThread) [homeassistant.setup] Setting up usage_prediction
2025-11-10 12:25:17.613 INFO (MainThread) [homeassistant.setup] Setup of domain usage_prediction took 0.00 seconds
2025-11-10 12:25:17.628 INFO (MainThread) [homeassistant.setup] Setup of domain stream took 0.14 seconds
2025-11-10 12:25:17.628 INFO (MainThread) [homeassistant.setup] Setting up application_credentials
2025-11-10 12:25:17.629 INFO (MainThread) [homeassistant.setup] Setup of domain application_credentials took 0.00 seconds
2025-11-10 12:25:17.749 INFO (MainThread) [homeassistant.setup] Setting up radio_browser
2025-11-10 12:25:17.749 INFO (MainThread) [homeassistant.setup] Setup of domain radio_browser took 0.00 seconds
2025-11-10 12:25:17.754 INFO (MainThread) [homeassistant.setup] Setting up schedule
2025-11-10 12:25:17.756 INFO (MainThread) [homeassistant.setup] Setup of domain schedule took 0.00 seconds
2025-11-10 12:25:17.758 INFO (MainThread) [homeassistant.setup] Setting up counter
2025-11-10 12:25:17.759 INFO (MainThread) [homeassistant.setup] Setup of domain counter took 0.00 seconds
2025-11-10 12:25:17.835 INFO (MainThread) [homeassistant.setup] Setting up pp_reader
2025-11-10 12:25:17.837 DEBUG (MainThread) [custom_components.pp_reader] Panel-Placeholder 'ppreader' registriert
2025-11-10 12:25:17.839 INFO (MainThread) [homeassistant.setup] Setup of domain pp_reader took 0.00 seconds
2025-11-10 12:25:17.850 ERROR (MainThread) [custom_components.pp_reader] Fehler beim Setup des Config Entries
Traceback (most recent call last):
  File "/home/andreas/.pyenv/versions/3.13.3/lib/python3.13/pathlib/_local.py", line 722, in mkdir
    os.mkdir(self, mode)
    ~~~~~~~~^^^^^^^^^^^^
FileNotFoundError: [Errno 2] No such file or directory: '/config/pp_reader_data'

During handling of the above exception, another exception occurred:

Traceback (most recent call last):
  File "/home/andreas/coding/repos/ha-pp-reader/config/custom_components/pp_reader/__init__.py", line 658, in async_setup_entry
    await async_run_executor_job(hass, initialize_database_schema, db_path)
  File "/home/andreas/coding/repos/ha-pp-reader/config/custom_components/pp_reader/util/__init__.py", line 24, in async_run_executor_job
    return await result  # type: ignore[no-any-return]
           ^^^^^^^^^^^^
  File "/home/andreas/.pyenv/versions/3.13.3/lib/python3.13/concurrent/futures/thread.py", line 59, in run
    result = self.fn(*self.args, **self.kwargs)
  File "/home/andreas/coding/repos/ha-pp-reader/config/custom_components/pp_reader/data/db_init.py", line 453, in initialize_database_schema
    db_path.parent.mkdir(parents=True, exist_ok=True)
    ~~~~~~~~~~~~~~~~~~~~^^^^^^^^^^^^^^^^^^^^^^^^^^^^^
  File "/home/andreas/.pyenv/versions/3.13.3/lib/python3.13/pathlib/_local.py", line 726, in mkdir
    self.parent.mkdir(parents=True, exist_ok=True)
    ~~~~~~~~~~~~~~~~~^^^^^^^^^^^^^^^^^^^^^^^^^^^^^
  File "/home/andreas/.pyenv/versions/3.13.3/lib/python3.13/pathlib/_local.py", line 722, in mkdir
    os.mkdir(self, mode)
    ~~~~~~~~^^^^^^^^^^^^
PermissionError: [Errno 13] Permission denied: '/config'

The above exception was the direct cause of the following exception:

Traceback (most recent call last):
  File "/home/andreas/coding/repos/ha-pp-reader/config/custom_components/pp_reader/__init__.py", line 662, in async_setup_entry
    raise ConfigEntryNotReady(msg) from exc
homeassistant.exceptions.ConfigEntryNotReady: Datenbank konnte nicht initialisiert werden
2025-11-10 12:25:17.856 INFO (MainThread) [homeassistant.setup] Setting up google_translate
2025-11-10 12:25:17.856 INFO (MainThread) [homeassistant.setup] Setup of domain google_translate took 0.00 seconds
2025-11-10 12:25:17.856 INFO (MainThread) [homeassistant.setup] Setting up homeassistant_alerts
2025-11-10 12:25:17.856 INFO (MainThread) [homeassistant.setup] Setup of domain homeassistant_alerts took 0.00 seconds
2025-11-10 12:25:17.858 INFO (MainThread) [homeassistant.setup] Setting up met
2025-11-10 12:25:17.858 INFO (MainThread) [homeassistant.setup] Setup of domain met took 0.00 seconds
2025-11-10 12:25:17.908 INFO (MainThread) [homeassistant.setup] Setting up go2rtc
2025-11-10 12:25:17.908 INFO (MainThread) [homeassistant.setup] Setup of domain go2rtc took 0.00 seconds
2025-11-10 12:25:17.924 INFO (MainThread) [homeassistant.setup] Setting up energy
2025-11-10 12:25:17.924 INFO (MainThread) [homeassistant.setup] Setup of domain energy took 0.00 seconds
2025-11-10 12:25:18.111 INFO (MainThread) [homeassistant.setup] Setting up input_text
2025-11-10 12:25:18.112 INFO (MainThread) [homeassistant.setup] Setup of domain input_text took 0.00 seconds
2025-11-10 12:25:18.112 INFO (MainThread) [homeassistant.setup] Setting up my
2025-11-10 12:25:18.112 INFO (MainThread) [homeassistant.setup] Setup of domain my took 0.00 seconds
2025-11-10 12:25:18.115 INFO (MainThread) [homeassistant.setup] Setting up file
2025-11-10 12:25:18.116 INFO (MainThread) [homeassistant.setup] Setup of domain file took 0.00 seconds
2025-11-10 12:25:18.118 INFO (MainThread) [homeassistant.setup] Setting up sun
2025-11-10 12:25:18.118 INFO (MainThread) [homeassistant.setup] Setup of domain sun took 0.00 seconds
2025-11-10 12:25:18.120 INFO (MainThread) [homeassistant.setup] Setting up binary_sensor
2025-11-10 12:25:18.121 INFO (MainThread) [homeassistant.setup] Setup of domain binary_sensor took 0.00 seconds
2025-11-10 12:25:18.122 INFO (MainThread) [homeassistant.setup] Setting up input_datetime
2025-11-10 12:25:18.123 INFO (MainThread) [homeassistant.setup] Setup of domain input_datetime took 0.00 seconds
2025-11-10 12:25:18.127 INFO (MainThread) [homeassistant.components.binary_sensor] Setting up sun.binary_sensor
2025-11-10 12:25:18.128 INFO (MainThread) [homeassistant.components.sensor] Setting up sun.sensor
2025-11-10 12:25:18.132 INFO (MainThread) [homeassistant.setup] Setting up todo
2025-11-10 12:25:18.134 INFO (MainThread) [homeassistant.setup] Setup of domain todo took 0.00 seconds
2025-11-10 12:25:18.140 INFO (MainThread) [homeassistant.components.todo] Setting up shopping_list.todo
2025-11-10 12:25:18.158 INFO (MainThread) [homeassistant.setup] Setting up mobile_app
2025-11-10 12:25:18.159 INFO (MainThread) [homeassistant.setup] Setting up notify
2025-11-10 12:25:18.159 INFO (MainThread) [homeassistant.setup] Setup of domain notify took 0.00 seconds
2025-11-10 12:25:18.159 INFO (MainThread) [homeassistant.setup] Setup of domain mobile_app took 0.00 seconds
2025-11-10 12:25:18.160 INFO (MainThread) [homeassistant.components.notify] Setting up notify.mobile_app
2025-11-10 12:25:18.160 INFO (MainThread) [homeassistant.setup] Setting up default_config
2025-11-10 12:25:18.160 INFO (MainThread) [homeassistant.setup] Setup of domain default_config took 0.00 seconds
2025-11-10 12:25:18.169 INFO (MainThread) [homeassistant.components.tts] Setting up google_translate.tts
2025-11-10 12:25:18.171 INFO (MainThread) [homeassistant.components.sensor] Setting up energy.sensor
2025-11-10 12:25:18.175 INFO (MainThread) [homeassistant.setup] Setting up analytics
2025-11-10 12:25:18.175 INFO (MainThread) [homeassistant.setup] Setup of domain analytics took 0.00 seconds
2025-11-10 12:25:18.223 INFO (MainThread) [homeassistant.setup] Setting up weather
2025-11-10 12:25:18.224 INFO (MainThread) [homeassistant.setup] Setup of domain weather took 0.00 seconds
2025-11-10 12:25:18.225 INFO (MainThread) [homeassistant.components.weather] Setting up met.weather
2025-11-10 12:25:18.227 INFO (MainThread) [homeassistant.bootstrap] Home Assistant initialized in 2.32s
2025-11-10 12:25:18.228 INFO (MainThread) [homeassistant.core] Starting Home Assistant 2025.11.1
2025-11-10 12:25:18.239 INFO (SyncWorker_1) [homeassistant.loader] Loaded thread from homeassistant.components.thread
2025-11-10 12:25:18.240 INFO (SyncWorker_5) [homeassistant.loader] Loaded denonavr from homeassistant.components.denonavr
2025-11-10 12:25:18.243 ERROR (MainThread) [custom_components.pp_reader] Fehler beim Setup des Config Entries
Traceback (most recent call last):
  File "/home/andreas/.pyenv/versions/3.13.3/lib/python3.13/pathlib/_local.py", line 722, in mkdir
    os.mkdir(self, mode)
    ~~~~~~~~^^^^^^^^^^^^
FileNotFoundError: [Errno 2] No such file or directory: '/config/pp_reader_data'

During handling of the above exception, another exception occurred:

Traceback (most recent call last):
  File "/home/andreas/coding/repos/ha-pp-reader/config/custom_components/pp_reader/__init__.py", line 658, in async_setup_entry
    await async_run_executor_job(hass, initialize_database_schema, db_path)
  File "/home/andreas/coding/repos/ha-pp-reader/config/custom_components/pp_reader/util/__init__.py", line 24, in async_run_executor_job
    return await result  # type: ignore[no-any-return]
           ^^^^^^^^^^^^
  File "/home/andreas/.pyenv/versions/3.13.3/lib/python3.13/concurrent/futures/thread.py", line 59, in run
    result = self.fn(*self.args, **self.kwargs)
  File "/home/andreas/coding/repos/ha-pp-reader/config/custom_components/pp_reader/data/db_init.py", line 453, in initialize_database_schema
    db_path.parent.mkdir(parents=True, exist_ok=True)
    ~~~~~~~~~~~~~~~~~~~~^^^^^^^^^^^^^^^^^^^^^^^^^^^^^
  File "/home/andreas/.pyenv/versions/3.13.3/lib/python3.13/pathlib/_local.py", line 726, in mkdir
    self.parent.mkdir(parents=True, exist_ok=True)
    ~~~~~~~~~~~~~~~~~^^^^^^^^^^^^^^^^^^^^^^^^^^^^^
  File "/home/andreas/.pyenv/versions/3.13.3/lib/python3.13/pathlib/_local.py", line 722, in mkdir
    os.mkdir(self, mode)
    ~~~~~~~~^^^^^^^^^^^^
PermissionError: [Errno 13] Permission denied: '/config'

The above exception was the direct cause of the following exception:

Traceback (most recent call last):
  File "/home/andreas/coding/repos/ha-pp-reader/config/custom_components/pp_reader/__init__.py", line 662, in async_setup_entry
    raise ConfigEntryNotReady(msg) from exc
homeassistant.exceptions.ConfigEntryNotReady: Datenbank konnte nicht initialisiert werden
2025-11-10 12:25:18.292 INFO (SyncWorker_0) [homeassistant.loader] Loaded apple_tv from homeassistant.components.apple_tv
2025-11-10 12:25:20.941 INFO (SyncWorker_0) [homeassistant.loader] Loaded heos from homeassistant.components.heos
2025-11-10 12:25:28.479 ERROR (MainThread) [custom_components.pp_reader] Fehler beim Setup des Config Entries
Traceback (most recent call last):
  File "/home/andreas/.pyenv/versions/3.13.3/lib/python3.13/pathlib/_local.py", line 722, in mkdir
    os.mkdir(self, mode)
    ~~~~~~~~^^^^^^^^^^^^
FileNotFoundError: [Errno 2] No such file or directory: '/config/pp_reader_data'

During handling of the above exception, another exception occurred:

Traceback (most recent call last):
  File "/home/andreas/coding/repos/ha-pp-reader/config/custom_components/pp_reader/__init__.py", line 658, in async_setup_entry
    await async_run_executor_job(hass, initialize_database_schema, db_path)
  File "/home/andreas/coding/repos/ha-pp-reader/config/custom_components/pp_reader/util/__init__.py", line 24, in async_run_executor_job
    return await result  # type: ignore[no-any-return]
           ^^^^^^^^^^^^
  File "/home/andreas/.pyenv/versions/3.13.3/lib/python3.13/concurrent/futures/thread.py", line 59, in run
    result = self.fn(*self.args, **self.kwargs)
  File "/home/andreas/coding/repos/ha-pp-reader/config/custom_components/pp_reader/data/db_init.py", line 453, in initialize_database_schema
    db_path.parent.mkdir(parents=True, exist_ok=True)
    ~~~~~~~~~~~~~~~~~~~~^^^^^^^^^^^^^^^^^^^^^^^^^^^^^
  File "/home/andreas/.pyenv/versions/3.13.3/lib/python3.13/pathlib/_local.py", line 726, in mkdir
    self.parent.mkdir(parents=True, exist_ok=True)
    ~~~~~~~~~~~~~~~~~^^^^^^^^^^^^^^^^^^^^^^^^^^^^^
  File "/home/andreas/.pyenv/versions/3.13.3/lib/python3.13/pathlib/_local.py", line 722, in mkdir
    os.mkdir(self, mode)
    ~~~~~~~~^^^^^^^^^^^^
PermissionError: [Errno 13] Permission denied: '/config'

The above exception was the direct cause of the following exception:

Traceback (most recent call last):
  File "/home/andreas/coding/repos/ha-pp-reader/config/custom_components/pp_reader/__init__.py", line 662, in async_setup_entry
    raise ConfigEntryNotReady(msg) from exc
homeassistant.exceptions.ConfigEntryNotReady: Datenbank konnte nicht initialisiert werden
2025-11-10 12:25:37.764 INFO (SyncWorker_6) [homeassistant.loader] Loaded playstation_network from homeassistant.components.playstation_network
2025-11-10 12:25:48.825 ERROR (MainThread) [custom_components.pp_reader] Fehler beim Setup des Config Entries
Traceback (most recent call last):
  File "/home/andreas/.pyenv/versions/3.13.3/lib/python3.13/pathlib/_local.py", line 722, in mkdir
    os.mkdir(self, mode)
    ~~~~~~~~^^^^^^^^^^^^
FileNotFoundError: [Errno 2] No such file or directory: '/config/pp_reader_data'

During handling of the above exception, another exception occurred:

Traceback (most recent call last):
  File "/home/andreas/coding/repos/ha-pp-reader/config/custom_components/pp_reader/__init__.py", line 658, in async_setup_entry
    await async_run_executor_job(hass, initialize_database_schema, db_path)
  File "/home/andreas/coding/repos/ha-pp-reader/config/custom_components/pp_reader/util/__init__.py", line 24, in async_run_executor_job
    return await result  # type: ignore[no-any-return]
           ^^^^^^^^^^^^
  File "/home/andreas/.pyenv/versions/3.13.3/lib/python3.13/concurrent/futures/thread.py", line 59, in run
    result = self.fn(*self.args, **self.kwargs)
  File "/home/andreas/coding/repos/ha-pp-reader/config/custom_components/pp_reader/data/db_init.py", line 453, in initialize_database_schema
    db_path.parent.mkdir(parents=True, exist_ok=True)
    ~~~~~~~~~~~~~~~~~~~~^^^^^^^^^^^^^^^^^^^^^^^^^^^^^
  File "/home/andreas/.pyenv/versions/3.13.3/lib/python3.13/pathlib/_local.py", line 726, in mkdir
    self.parent.mkdir(parents=True, exist_ok=True)
    ~~~~~~~~~~~~~~~~~^^^^^^^^^^^^^^^^^^^^^^^^^^^^^
  File "/home/andreas/.pyenv/versions/3.13.3/lib/python3.13/pathlib/_local.py", line 722, in mkdir
    os.mkdir(self, mode)
    ~~~~~~~~^^^^^^^^^^^^
PermissionError: [Errno 13] Permission denied: '/config'

The above exception was the direct cause of the following exception:

Traceback (most recent call last):
  File "/home/andreas/coding/repos/ha-pp-reader/config/custom_components/pp_reader/__init__.py", line 662, in async_setup_entry
    raise ConfigEntryNotReady(msg) from exc
homeassistant.exceptions.ConfigEntryNotReady: Datenbank konnte nicht initialisiert werden
2025-11-10 12:26:18.731 INFO (Recorder) [homeassistant.components.recorder.pool.RecorderPool] Pool recreating
